[1m
********************************************************************************[0m
[1m  MIXILLO ADMIN DASHBOARD - COMPREHENSIVE API TEST[0m
[36m  Backend: https://mixillo-backend-t4isogdgqa-ew.a.run.app[0m
[36m  Date: 11/5/2025, 4:16:31 PM[0m
[1m********************************************************************************
[0m
[1m
================================================================================[0m
[1m  1. AUTHENTICATION & AUTHORIZATION[0m
[1m================================================================================[0m
[36mΓä╣∩╕Å  Testing admin login...[0m
[31mΓ¥î POST /api/auth/login - 429 (723ms) - Request failed with status code 429[0m
[31mΓ¥î Failed to obtain admin token. Cannot proceed with protected routes.[0m
[31mΓ¥î Response structure:[0m
[31mΓ¥î 
ΓÜá∩╕Å  Authentication failed. Cannot proceed with protected route tests.[0m
